// Jest Snapshot v1, https://goo.gl/fbAQLP

exports[`renders the component 1`] = `
<Layout>
  <Spin
    size="large"
    spinning={true}
    wrapperClassName=""
  />
</Layout>
`;
